[html.ninetheme.com/agrikon/index.html]
[backblue.gif]
[fade.gif]
[index.html]
[html.ninetheme.com/agrikon/assets/images/favicons/apple-touch-icon.png]
[html.ninetheme.com/agrikon/assets/images/favicons/favicon-32x32.png]
[html.ninetheme.com/agrikon/assets/images/favicons/favicon-16x16.png]
[html.ninetheme.com/agrikon/assets/images/favicons/site.webmanifest]
[html.ninetheme.com/agrikon/assets/css/bootstrap.min.css]
[html.ninetheme.com/agrikon/assets/css/fontawesome-all.min.css]
[html.ninetheme.com/agrikon/assets/css/swiper.min.css]
[html.ninetheme.com/agrikon/assets/css/animate.min.css]
[html.ninetheme.com/agrikon/assets/css/odometer.min.css]
[html.ninetheme.com/agrikon/assets/css/jarallax.css]
[html.ninetheme.com/agrikon/assets/css/magnific-popup.css]
[html.ninetheme.com/agrikon/assets/css/bootstrap-select.min.css]
[html.ninetheme.com/agrikon/assets/css/nouislider.min.css]
[html.ninetheme.com/agrikon/assets/css/agrikon-icons.css]
[html.ninetheme.com/agrikon/assets/css/nouislider.pips.css]
[html.ninetheme.com/agrikon/assets/css/main.css]
[html.ninetheme.com/agrikon/assets/images/loader.png]
[html.ninetheme.com/agrikon/assets/images/logo-dark.png]
[html.ninetheme.com/agrikon/index-2.html]
[html.ninetheme.com/agrikon/about.html]
[html.ninetheme.com/agrikon/services.html]
[html.ninetheme.com/agrikon/service-details.html]
[html.ninetheme.com/agrikon/contact.html]
[html.ninetheme.com/agrikon/projects.html]
[html.ninetheme.com/agrikon/project-details.html]
[html.ninetheme.com/agrikon/blog.html]
[html.ninetheme.com/agrikon/blog-details.html]
[html.ninetheme.com/agrikon/assets/images/main-slider/main-slider-1-2.jpg]
[html.ninetheme.com/agrikon/assets/images/services/service-1-2.jpg]
[html.ninetheme.com/agrikon/assets/images/main-slider/main-slider-1-1.jpg]
[html.ninetheme.com/agrikon/assets/images/services/service-1-1.jpg]
[html.ninetheme.com/agrikon/assets/images/services/service-1-3.jpg]
[html.ninetheme.com/agrikon/assets/images/icons/about-bg-icon-1-1.png]
[html.ninetheme.com/agrikon/assets/images/resources/about-1-1.jpg]
[html.ninetheme.com/agrikon/assets/images/resources/about-1-2.jpg]
[html.ninetheme.com/agrikon/assets/images/services/service-2-3.jpg]
[html.ninetheme.com/agrikon/assets/images/services/service-2-2.jpg]
[html.ninetheme.com/agrikon/assets/images/services/service-2-4.jpg]
[html.ninetheme.com/agrikon/assets/images/services/service-2-1.jpg]
[html.ninetheme.com/agrikon/assets/images/projects/project-2-1.jpg]
[html.ninetheme.com/agrikon/assets/images/projects/project-2-2.jpg]
[html.ninetheme.com/agrikon/assets/images/projects/project-2-3.jpg]
[html.ninetheme.com/agrikon/assets/images/projects/project-2-4.jpg]
[html.ninetheme.com/agrikon/assets/images/backgrounds/cta-1-bg-1.jpg]
[html.ninetheme.com/agrikon/assets/images/resources/cta-3-1.jpg]
[html.ninetheme.com/agrikon/assets/images/resources/cta-3-2.jpg]
[html.ninetheme.com/agrikon/assets/images/icons/testimonials-bg-1-1.png]
[html.ninetheme.com/agrikon/assets/images/resources/testimonials-1-1.jpg]
[html.ninetheme.com/agrikon/assets/images/resources/testimonials-1-2.jpg]
[html.ninetheme.com/agrikon/assets/images/resources/testimonials-1-3.jpg]
[html.ninetheme.com/agrikon/assets/images/icons/home-1-blog-bg.png]
[html.ninetheme.com/agrikon/assets/images/blog/blog-grid-1.jpg]
[html.ninetheme.com/agrikon/assets/images/blog/blog-grid-2.jpg]
[html.ninetheme.com/agrikon/assets/images/resources/blog-cta-1.png]
[html.ninetheme.com/agrikon/assets/images/blog/blog-grid-3.jpg]
[html.ninetheme.com/agrikon/assets/images/resources/brand-1-1.png]
[html.ninetheme.com/agrikon/assets/images/resources/contact-1-1.jpg]
[html.ninetheme.com/agrikon/assets/images/icons/footer-bg-icon-1.png]
[html.ninetheme.com/agrikon/assets/images/icons/footer-bg-icon-2.png]
[html.ninetheme.com/agrikon/assets/images/logo-light.png]
[html.ninetheme.com/agrikon/assets/images/resources/footer-post-1.png]
[html.ninetheme.com/agrikon/assets/images/resources/footer-post-2.png]
[html.ninetheme.com/agrikon/assets/images/resources/flag-1-1.jpg]
[html.ninetheme.com/agrikon/assets/js/jquery-3.5.1.min.js]
[html.ninetheme.com/agrikon/assets/js/bootstrap.bundle.min.js]
[html.ninetheme.com/agrikon/assets/js/swiper.min.js]
[html.ninetheme.com/agrikon/assets/js/jquery.ajaxchimp.min.js]
[html.ninetheme.com/agrikon/assets/js/jquery.magnific-popup.min.js]
[html.ninetheme.com/agrikon/assets/js/jquery.validate.min.js]
[html.ninetheme.com/agrikon/assets/js/bootstrap-select.min.js]
[html.ninetheme.com/agrikon/assets/js/wow.js]
[html.ninetheme.com/agrikon/assets/js/odometer.min.js]
[html.ninetheme.com/agrikon/assets/js/jquery.appear.min.js]
[html.ninetheme.com/agrikon/assets/js/jarallax.min.js]
[html.ninetheme.com/agrikon/assets/js/circle-progress.min.js]
[html.ninetheme.com/agrikon/assets/js/wNumb.min.js]
[html.ninetheme.com/agrikon/assets/js/nouislider.min.js]
[html.ninetheme.com/agrikon/assets/js/theme.js]
[html.ninetheme.com/agrikon/index.html]
[html.ninetheme.com/agrikon/assets/css/bootstrap.min.css]
[html.ninetheme.com/cdn-cgi/challenge-platform/h/g/scripts/jsd/d39f91d70ce1/maind41d.js]
[html.ninetheme.com/agrikon/assets/fonts/fa-brands-400.eot]
[html.ninetheme.com/agrikon/assets/fonts/fa-brands-400d41d.eot]
[html.ninetheme.com/agrikon/assets/fonts/fa-brands-400.woff2]
[html.ninetheme.com/agrikon/assets/fonts/fa-brands-400.woff]
[html.ninetheme.com/agrikon/assets/fonts/fa-brands-400.ttf]
[html.ninetheme.com/agrikon/assets/fonts/fa-brands-400.svg]
[html.ninetheme.com/agrikon/assets/fonts/fa-light-300.eot]
[html.ninetheme.com/agrikon/assets/fonts/fa-light-300d41d.eot]
[html.ninetheme.com/agrikon/assets/fonts/fa-light-300.woff2]
[html.ninetheme.com/agrikon/assets/fonts/fa-light-300.woff]
[html.ninetheme.com/agrikon/assets/fonts/fa-light-300.ttf]
[html.ninetheme.com/agrikon/assets/fonts/fa-regular-400.eot]
[html.ninetheme.com/agrikon/assets/fonts/fa-regular-400d41d.eot]
[html.ninetheme.com/agrikon/assets/fonts/fa-light-300.svg]
[html.ninetheme.com/agrikon/assets/fonts/fa-regular-400.woff]
[html.ninetheme.com/agrikon/assets/fonts/fa-regular-400.woff2]
[html.ninetheme.com/agrikon/assets/fonts/fa-regular-400.ttf]
[html.ninetheme.com/agrikon/assets/fonts/fa-regular-400.svg]
[html.ninetheme.com/agrikon/assets/fonts/fa-solid-900.eot]
[html.ninetheme.com/agrikon/assets/fonts/fa-solid-900d41d.eot]
[html.ninetheme.com/agrikon/assets/fonts/fa-solid-900.woff]
[html.ninetheme.com/agrikon/assets/css/fontawesome-all.min.css]
[html.ninetheme.com/agrikon/assets/css/swiper.min.css]
[html.ninetheme.com/agrikon/assets/css/animate.min.css]
[html.ninetheme.com/agrikon/assets/css/odometer.min.css]
[html.ninetheme.com/agrikon/assets/css/jarallax.css]
[html.ninetheme.com/agrikon/assets/css/magnific-popup.css]
[html.ninetheme.com/agrikon/assets/css/bootstrap-select.min.css]
[html.ninetheme.com/agrikon/assets/fonts/fa-solid-900.woff2]
[html.ninetheme.com/agrikon/assets/fonts/fa-solid-900.ttf]
[html.ninetheme.com/agrikon/assets/fonts/agrikon-icon0ef8.eot]
[html.ninetheme.com/agrikon/assets/fonts/fa-solid-900.svg]
[html.ninetheme.com/agrikon/assets/fonts/agrikon-icon0ef8.ttf]
[html.ninetheme.com/agrikon/assets/fonts/agrikon-icon0ef8.woff]
[html.ninetheme.com/agrikon/assets/css/agrikon-icons.css]
[html.ninetheme.com/agrikon/assets/css/nouislider.min.css]
[html.ninetheme.com/agrikon/assets/css/nouislider.pips.css]
[html.ninetheme.com/agrikon/assets/fonts/agrikon-icon0ef8.svg]
[html.ninetheme.com/agrikon/assets/images/shapes/ripped-paper-white-up.png]
[html.ninetheme.com/agrikon/assets/images/shapes/ripped-paper-header-1.png]
[html.ninetheme.com/agrikon/assets/images/shapes/header-arrow-1-1.png]
[html.ninetheme.com/agrikon/assets/images/shapes/banner-1-shape-1.png]
[html.ninetheme.com/agrikon/assets/images/shapes/ripped-paper-slider-2.png]
[html.ninetheme.com/agrikon/assets/images/icons/main-slider-icon-2-1.png]
[html.ninetheme.com/agrikon/assets/images/icons/main-slider-icon-2-2.png]
[html.ninetheme.com/agrikon/assets/images/shapes/ripped-paper-base-2.png]
[html.ninetheme.com/agrikon/assets/images/shapes/ripped-paper-base.png]
[html.ninetheme.com/agrikon/assets/images/shapes/ripped-paper-primary-up.png]
[html.ninetheme.com/agrikon/assets/images/shapes/ripped-paper-gray-up.png]
[html.ninetheme.com/agrikon/assets/images/shapes/about-circle-1-1.png]
[html.ninetheme.com/agrikon/assets/css/main.css]
[html.ninetheme.com/cdn-cgi/zaraz/sd0d9.js]
[html.ninetheme.com/agrikon/assets/images/shapes/ripped-paper-testimonials-1.png]
[html.ninetheme.com/agrikon/assets/images/logo-light-2.png]
[html.ninetheme.com/agrikon/assets/images/main-slider/main-slider-2-1.jpg]
[html.ninetheme.com/agrikon/assets/images/main-slider/main-slider-2-2.jpg]
[html.ninetheme.com/agrikon/assets/images/icons/about-2-bg-1.png]
[html.ninetheme.com/agrikon/assets/images/resources/about-2-1.jpg]
[html.ninetheme.com/agrikon/assets/images/resources/sign-1-1.png]
[html.ninetheme.com/agrikon/assets/images/icons/video-bg-1-1.png]
[html.ninetheme.com/agrikon/assets/images/resources/about-2-2.jpg]
[html.ninetheme.com/agrikon/assets/images/resources/video-1-1.jpg]
[html.ninetheme.com/agrikon/assets/images/icons/team-bg-1-1.png]
[html.ninetheme.com/agrikon/assets/images/team/team-1-1.jpg]
[html.ninetheme.com/agrikon/assets/images/team/team-1-2.jpg]
[html.ninetheme.com/agrikon/assets/images/team/team-1-3.jpg]
[html.ninetheme.com/agrikon/assets/images/projects/project-1-1.jpg]
[html.ninetheme.com/agrikon/assets/images/projects/project-1-2.jpg]
[html.ninetheme.com/agrikon/assets/images/projects/project-1-3.jpg]
[html.ninetheme.com/agrikon/assets/images/projects/project-1-4.jpg]
[html.ninetheme.com/agrikon/assets/images/projects/project-1-5.jpg]
[html.ninetheme.com/agrikon/assets/images/projects/project-1-6.jpg]
[html.ninetheme.com/agrikon/index-2.html]
[html.ninetheme.com/agrikon/assets/images/backgrounds/cta-2-bg-1.jpg]
[html.ninetheme.com/agrikon/assets/images/resources/about-3-2.jpg]
[html.ninetheme.com/agrikon/about.html]
[html.ninetheme.com/agrikon/assets/images/resources/about-3-1.png]
[html.ninetheme.com/agrikon/services.html]
[html.ninetheme.com/agrikon/assets/images/backgrounds/page-header-bg-1-1.jpg]
[html.ninetheme.com/agrikon/assets/images/resources/feature-1-1.jpg]
[html.ninetheme.com/agrikon/assets/images/services/service-widget-bg-1.jpg]
[html.ninetheme.com/agrikon/assets/images/services/service-d-1-1.jpg]
[html.ninetheme.com/agrikon/service-details.html]
[html.ninetheme.com/agrikon/contact.html]
[html.ninetheme.com/agrikon/projects.html]
[html.ninetheme.com/agrikon/assets/images/projects/project-d-1-1.jpg]
[html.ninetheme.com/agrikon/project-details.html]
[html.ninetheme.com/agrikon/assets/images/projects/project-d-2-1.jpg]
[html.ninetheme.com/agrikon/assets/images/projects/project-d-2-2.jpg]
[html.ninetheme.com/agrikon/assets/images/blog/blog-grid-4.jpg]
[html.ninetheme.com/agrikon/assets/images/blog/blog-grid-5.jpg]
[html.ninetheme.com/agrikon/blog.html]
[html.ninetheme.com/agrikon/assets/images/blog/blog-grid-6.jpg]
[html.ninetheme.com/agrikon/assets/images/blog/blog-d-1-1.jpg]
[html.ninetheme.com/agrikon/assets/images/blog/blog-author-1-1.jpg]
[html.ninetheme.com/agrikon/assets/images/blog/comment-1-1.jpg]
[html.ninetheme.com/agrikon/assets/images/services/service-d-1-2.jpg]
[html.ninetheme.com/agrikon/assets/images/blog/comment-1-2.jpg]
[html.ninetheme.com/agrikon/assets/images/blog/blog-s-1-1.jpg]
[html.ninetheme.com/agrikon/assets/images/blog/blog-s-1-2.jpg]
[html.ninetheme.com/agrikon/blog-details.html]
[html.ninetheme.com/agrikon/assets/fonts/fa-brands-400.svg]
[html.ninetheme.com/agrikon/assets/images/blog/blog-s-1-3.jpg]
[html.ninetheme.com/agrikon/assets/fonts/fa-light-300.svg]
[html.ninetheme.com/agrikon/assets/fonts/fa-regular-400.svg]
[html.ninetheme.com/agrikon/assets/fonts/fa-solid-900.svg]
[html.ninetheme.com/agrikon/assets/fonts/agrikon-icon0ef8.svg]
